// Jest Snapshot v1, https://goo.gl/fbAQLP

exports[`Nav component renders the navigation 1`] = `
<Component>
  <p>
    This is the dashboard component!
  </p>
</Component>
`;
